<plugins>
   <plugin id="pluginId" url="./MyPlugin/pluginId-1.0.zip" version="1.0">
      <description><![CDATA[testDescription]]></description>
      <changeNotes><![CDATA[testChangeNotes]]></changeNotes>
      <name>MyPlugin</name>
      <idea-version since-build="1.0" until-build="1.1"/>
   </plugin>
</plugins>